<testsuite tests="189">
  <testcase classname="ContractFieldMergeInvocable_Test" name="testRefreshContractCollection" time="2566" />
  <testcase classname="ContractFieldMergeInvocable_Test" name="testRefreshContractCollectionWithDml" time="1628" />
  <testcase classname="ContractFieldMergeInvocable_Test" name="testRefreshContracts" time="1567" />
  <testcase classname="ContractFieldMergeInvocable_Test" name="testRefreshContractsWithDml" time="1643" />
  <testcase classname="ContractFieldMergeInvocable_Test" name="testRefreshContractsWithNoRequests" time="6" />
  <testcase classname="ContractFieldMergeInvocable_Test" name="testRefreshContractsWithNullRequests" time="6" />
  <testcase classname="ContractFieldMergeInvocable_Test" name="testRefreshEmptyCollection" time="492" />
  <testcase classname="ContractFieldMerge_Test" name="testInitializeServiceWithTemplatelessContract" time="1081" />
  <testcase classname="ContractFieldMerge_Test" name="testPopulateMergeFieldsForEmptyList" time="572" />
  <testcase classname="ContractFieldMerge_Test" name="testResolveMergeFields" time="2212" />
  <testcase classname="ContractFieldMerge_Test" name="testServiceWithInvalidStatus" time="1779" />
  <testcase classname="ContractFieldMerge_Test" name="testServiceWithInvalidType" time="1718" />
  <testcase classname="ContractMergeFieldService_Test" name="testMergeContractCollectionById" time="3714" />
  <testcase classname="ContractMergeFieldService_Test" name="testMergeSingleContractById" time="2183" />
  <testcase classname="ContractMergeFieldService_Test" name="testUpdateContracts" time="1305" />
  <testcase classname="ContractMergeFieldUtils_Test" name="testFormatCurrencyFieldValue" time="368" />
  <testcase classname="ContractMergeFieldUtils_Test" name="testFormatDateFieldValue" time="25" />
  <testcase classname="ContractMergeFieldUtils_Test" name="testFormatDatetimeFieldValue" time="7" />
  <testcase classname="ContractMergeFieldUtils_Test" name="testFormatNullValue" time="11" />
  <testcase classname="ContractMergeFieldUtils_Test" name="testGetMergeFieldsFromString" time="12" />
  <testcase classname="ContractMergeFieldUtils_Test" name="testGetMergeFieldsWithFallbackValue" time="8" />
  <testcase classname="ContractMergeFieldUtils_Test" name="testRemoveTableBlocks" time="7" />
  <testcase classname="ContractMergeFieldUtils_Test" name="testRemoveTableBlocksWithEmptyInput" time="6" />
  <testcase classname="ContractMergeFieldUtils_Test" name="testReplaceMergeFieldsWithValues" time="63" />
  <testcase classname="ContractMergeFieldUtils_Test" name="testReplaceParentMergeFieldsWithValues" time="377" />
  <testcase classname="ContractTemplateEditorController_Test" name="testGetFieldDescriptors" time="1631" />
  <testcase classname="ContractTemplateEditorController_Test" name="testGetFieldDescriptorsForInvalidObject" time="75" />
  <testcase classname="ContractTemplateEditorController_Test" name="testGetFieldDescriptorsForRelationshipPath" time="842" />
  <testcase classname="ContractTemplateEditorController_Test" name="testGetPreviewWaiverText" time="2002" />
  <testcase classname="ContractTemplateEditorController_Test" name="testGetPreviewWaiverTextWithFakeTemplateId" time="1731" />
  <testcase classname="ContractTemplateEditorController_Test" name="testGetTemplateQueries" time="810" />
  <testcase classname="ContractTemplateEditorController_Test" name="testGetTemplateQueriesWithInvalidId" time="583" />
  <testcase classname="ContractTemplateService_Test" name="testAddTemplatesToCache" time="2615" />
  <testcase classname="ContractTemplateService_Test" name="testDoesNotReloadAlreadyCachedTemplates" time="861" />
  <testcase classname="ContractTemplateService_Test" name="testMissingQueryRelationship" time="738" />
  <testcase classname="FieldPathManager_Test" name="testIsValid" time="72" />
  <testcase classname="FieldPathManager_Test" name="testNormalize" time="12" />
  <testcase classname="FieldPathResolver_Test" name="testFallbackByRelationshipName" time="104" />
  <testcase classname="FieldPathResolver_Test" name="testInvalidFieldPath" time="94" />
  <testcase classname="FieldPathResolver_Test" name="testNonRelationshipMidPath" time="7" />
  <testcase classname="FieldPathResolver_Test" name="testOneLevelRelationshipResolution" time="9" />
  <testcase classname="FieldPathResolver_Test" name="testSimpleFieldResolution" time="9" />
  <testcase classname="FieldPathResolver_Test" name="testTwoLevelRelationshipResolution" time="19" />
  <testcase classname="FinalizerHandler_Test" name="bypassFinalizerShouldSucceed" time="84" />
  <testcase classname="FinalizerHandler_Test" name="bypassedFinalizerShouldNotExecute" time="14" />
  <testcase classname="FinalizerHandler_Test" name="clearAllFinalizerBypassesShouldSucceed" time="11" />
  <testcase classname="FinalizerHandler_Test" name="clearFinalizerBypassShouldSucceed" time="6" />
  <testcase classname="FinalizerHandler_Test" name="finalizerIsBypassedShouldSucceed" time="6" />
  <testcase classname="FinalizerHandler_Test" name="finalizerThatInvokesDmlShouldCauseException" time="11" />
  <testcase classname="FinalizerHandler_Test" name="finalizersShouldExecuteInOrder" time="9" />
  <testcase classname="FinalizerHandler_Test" name="invalidFinalizerClassShouldThrowException" time="7" />
  <testcase classname="FinalizerHandler_Test" name="noConfiguredFinalizerShouldTakeNoAction" time="9" />
  <testcase classname="FinalizerHandler_Test" name="properlyConfiguredFinalizerShouldExecute" time="15" />
  <testcase classname="FinalizerHandler_Test" name="referencedClassDoesNotImplementDmlFinalizerShouldThrowException" time="11" />
  <testcase classname="FinalizerHandler_Test" name="staticallyBypassedFinalizerShouldNotExecute" time="7" />
  <testcase classname="FinalizerHandler_Test" name="userWithBypassPermissionDefinedOnFinalizerShouldNotExecute" time="6" />
  <testcase classname="FinalizerHandler_Test" name="userWithoutRequiredPermissionDefinedOnFinalizerShouldNotExecute" time="7" />
  <testcase classname="FlowChangeEventHeader_Test" name="shouldBeAbleToCompare" time="48" />
  <testcase classname="FlowChangeEventHeader_Test" name="shouldBeAbleToConstruct" time="12" />
  <testcase classname="FlowChangeEventHeader_Test" name="shouldBeAbleToGenerateHashCode" time="7" />
  <testcase classname="FormulaFilter_Test" name="emptyClassShouldThrowException" time="42" />
  <testcase classname="FormulaFilter_Test" name="emptyStringFormulaShouldProcessAllRecords" time="6" />
  <testcase classname="FormulaFilter_Test" name="invalidFormulaSyntaxShouldThrowException" time="19" />
  <testcase classname="FormulaFilter_Test" name="noFormulaShouldProcessAllRecords" time="3" />
  <testcase classname="FormulaFilter_Test" name="nonExistentClassShouldThrowException" time="5" />
  <testcase classname="FormulaFilter_Test" name="nonGlobalShouldThrowException" time="7" />
  <testcase classname="FormulaFilter_Test" name="nonTriggerRecordClassShouldThrowException" time="9" />
  <testcase classname="FormulaFilter_Test" name="nullClassShouldThrowException" time="6" />
  <testcase classname="FormulaFilter_Test" name="validFormulaShouldFilterContentsOftriggerNew" time="6" />
  <testcase classname="FormulaFilter_Test" name="validFormulaWithNoMatchingRecordsShouldProcessNoRecords" time="7" />
  <testcase classname="MetadataTriggerHandler_Test" name="actionMetadataShouldConstruct" time="270" />
  <testcase classname="MetadataTriggerHandler_Test" name="actionShouldExecuteIfNoRequiredOrBypassPermissionsAreDefinedForSObjectOrAction" time="25" />
  <testcase classname="MetadataTriggerHandler_Test" name="actionShouldExecuteIfUserDoesNotHaveBypassPermissionForSObjectOrAction" time="18" />
  <testcase classname="MetadataTriggerHandler_Test" name="actionShouldNotExecuteIfUserDoesNotHaveRequiredPermissionForAction" time="9" />
  <testcase classname="MetadataTriggerHandler_Test" name="actionShouldNotExecuteIfUserDoesNotHaveRequiredPermissionForSObject" time="8" />
  <testcase classname="MetadataTriggerHandler_Test" name="actionShouldNotExecuteIfUserHasBypassPermissionForAction" time="8" />
  <testcase classname="MetadataTriggerHandler_Test" name="actionShouldNotExecuteIfUserHasBypassPermissionForSObject" time="9" />
  <testcase classname="MetadataTriggerHandler_Test" name="afterDeleteShouldFailWithIncorrectClass" time="9" />
  <testcase classname="MetadataTriggerHandler_Test" name="afterDeleteShouldFailWithIncorrectType" time="10" />
  <testcase classname="MetadataTriggerHandler_Test" name="afterDeleteShouldSucceed" time="12" />
  <testcase classname="MetadataTriggerHandler_Test" name="afterInsertShouldFailWithIncorrectClass" time="9" />
  <testcase classname="MetadataTriggerHandler_Test" name="afterInsertShouldFailWithIncorrectType" time="9" />
  <testcase classname="MetadataTriggerHandler_Test" name="afterInsertShouldSucceed" time="12" />
  <testcase classname="MetadataTriggerHandler_Test" name="afterUndeleteShouldFailWithIncorrectClass" time="9" />
  <testcase classname="MetadataTriggerHandler_Test" name="afterUndeleteShouldFailWithIncorrectType" time="8" />
  <testcase classname="MetadataTriggerHandler_Test" name="afterUndeleteShouldSucceed" time="11" />
  <testcase classname="MetadataTriggerHandler_Test" name="afterUpdateShouldFailWithIncorrectClass" time="8" />
  <testcase classname="MetadataTriggerHandler_Test" name="afterUpdateShouldFailWithIncorrectType" time="9" />
  <testcase classname="MetadataTriggerHandler_Test" name="afterUpdateShouldSucceed" time="11" />
  <testcase classname="MetadataTriggerHandler_Test" name="beforeDeleteShouldFailWithIncorrectClass" time="9" />
  <testcase classname="MetadataTriggerHandler_Test" name="beforeDeleteShouldFailWithIncorrectType" time="10" />
  <testcase classname="MetadataTriggerHandler_Test" name="beforeDeleteShouldSucceed" time="11" />
  <testcase classname="MetadataTriggerHandler_Test" name="beforeInsertShouldFailWithIncorrectClass" time="9" />
  <testcase classname="MetadataTriggerHandler_Test" name="beforeInsertShouldFailWithIncorrectType" time="9" />
  <testcase classname="MetadataTriggerHandler_Test" name="beforeInsertShouldSucceed" time="8" />
  <testcase classname="MetadataTriggerHandler_Test" name="beforeUpdateShouldFailWithIncorrectClass" time="8" />
  <testcase classname="MetadataTriggerHandler_Test" name="beforeUpdateShouldFailWithIncorrectType" time="9" />
  <testcase classname="MetadataTriggerHandler_Test" name="beforeUpdateShouldSucceed" time="13" />
  <testcase classname="MetadataTriggerHandler_Test" name="bypassShouldSucceed" time="8" />
  <testcase classname="MetadataTriggerHandler_Test" name="clearAllBypassesShouldSucceed" time="8" />
  <testcase classname="MetadataTriggerHandler_Test" name="clearBypassShouldSucceed" time="8" />
  <testcase classname="MetadataTriggerHandler_Test" name="finalizerShouldSucceed" time="12" />
  <testcase classname="MetadataTriggerHandler_Test" name="isBypassedShouldSucceed" time="8" />
  <testcase classname="MetadataTriggerHandler_Test" name="nothingToProcessShouldExitEarly" time="9" />
  <testcase classname="MetadataTriggerHandler_Test" name="theFrameworkShouldSupportFlow" time="15" />
  <testcase classname="MetadataTriggerHandler_Test" name="theFrameworkShouldSupportSObjectsFromManagedPackages" time="39" />
  <testcase classname="TA_CAF_MergeFieldValues_Test" name="testresolveMergeFields" time="3321" />
  <testcase classname="TriggerActionFlowAddError_Test" name="addErrorShouldAddAnErrorAtTheFieldSpecified" time="52" />
  <testcase classname="TriggerActionFlowAddError_Test" name="addErrorShouldSucceedWithValidRequest" time="11" />
  <testcase classname="TriggerActionFlowBypass_Test" name="bypassApexShouldSucceedWithValidRequest" time="50" />
  <testcase classname="TriggerActionFlowBypass_Test" name="bypassFlowShouldSucceedWithValidRequest" time="5" />
  <testcase classname="TriggerActionFlowBypass_Test" name="bypassObjectShouldSucceedWithValidRequest" time="3" />
  <testcase classname="TriggerActionFlowBypass_Test" name="bypassShouldFailWithInvalidType" time="7" />
  <testcase classname="TriggerActionFlowChangeEvent_Test" name="correctInputShouldProduceFlowInputs" time="75" />
  <testcase classname="TriggerActionFlowChangeEvent_Test" name="emptyInputShouldProduceEmptyFlowInputs" time="12" />
  <testcase classname="TriggerActionFlowChangeEvent_Test" name="wrongDataTypeShouldThrowException" time="7" />
  <testcase classname="TriggerActionFlowClearAllBypasses_Test" name="clearAllBypassApexShouldSucceedWithValidRequest" time="52" />
  <testcase classname="TriggerActionFlowClearAllBypasses_Test" name="clearAllBypassFlowShouldSucceedWithValidRequest" time="11" />
  <testcase classname="TriggerActionFlowClearAllBypasses_Test" name="clearAllBypassObjectShouldSucceedWithValidRequest" time="4" />
  <testcase classname="TriggerActionFlowClearAllBypasses_Test" name="clearAllBypassShouldFailWithInvalidType" time="8" />
  <testcase classname="TriggerActionFlowClearBypass_Test" name="clearBypassApexShouldSucceedWithValidRequest" time="20" />
  <testcase classname="TriggerActionFlowClearBypass_Test" name="clearBypassFlowShouldSucceedWithValidRequest" time="9" />
  <testcase classname="TriggerActionFlowClearBypass_Test" name="clearBypassObjecthouldSucceedWithValidRequest" time="3" />
  <testcase classname="TriggerActionFlowClearBypass_Test" name="clearBypassShouldFailWithInvalidType" time="7" />
  <testcase classname="TriggerActionFlowIsBypassed_Test" name="isBypassedApexShouldSucceedWithValidRequest" time="74" />
  <testcase classname="TriggerActionFlowIsBypassed_Test" name="isBypassedFlowShouldSucceedWithValidRequest" time="5" />
  <testcase classname="TriggerActionFlowIsBypassed_Test" name="isBypassedObjectShouldSucceedWithValidRequest" time="3" />
  <testcase classname="TriggerActionFlowIsBypassed_Test" name="isBypassedShouldFailWithInvalidType" time="3" />
  <testcase classname="TriggerActionFlow_Test" name="afterDeleteShouldSucceed" time="60" />
  <testcase classname="TriggerActionFlow_Test" name="afterInsertShouldSucceed" time="4" />
  <testcase classname="TriggerActionFlow_Test" name="afterUndeleteShouldSucceed" time="3" />
  <testcase classname="TriggerActionFlow_Test" name="afterUpdateShouldSucceed" time="6" />
  <testcase classname="TriggerActionFlow_Test" name="afterUpdateWithNoRecordsToProcessShouldSucceed" time="3" />
  <testcase classname="TriggerActionFlow_Test" name="beforeDeleteShouldSucceed" time="3" />
  <testcase classname="TriggerActionFlow_Test" name="beforeInsertShouldSucceed" time="4" />
  <testcase classname="TriggerActionFlow_Test" name="beforeUpdateShouldSucceed" time="4" />
  <testcase classname="TriggerActionFlow_Test" name="beforeUpdateWithNoRecordsToProcessShouldSucceed" time="3" />
  <testcase classname="TriggerActionFlow_Test" name="bypassShouldSucceed" time="3" />
  <testcase classname="TriggerActionFlow_Test" name="clearAllBypassesShouldSucceed" time="4" />
  <testcase classname="TriggerActionFlow_Test" name="clearBypassShouldSucceed" time="3" />
  <testcase classname="TriggerActionFlow_Test" name="emptyFlowNameShouldThrowException" time="36" />
  <testcase classname="TriggerActionFlow_Test" name="flowMissingRecordVariableInOutputShouldThrowException" time="4" />
  <testcase classname="TriggerActionFlow_Test" name="invokeFlowShouldReturnUnsuccessfulResponseWithBogusFlowName" time="225" />
  <testcase classname="TriggerActionFlow_Test" name="isBypassedShouldSucceed" time="4" />
  <testcase classname="TriggerActionFlow_Test" name="noRecordMutationsShouldSucceed" time="4" />
  <testcase classname="TriggerActionFlow_Test" name="nulledFieldInFlowShouldBeTransferredBack" time="4" />
  <testcase classname="TriggerActionFlow_Test" name="shouldDoNothingWhenBypassed" time="3" />
  <testcase classname="TriggerActionFlow_Test" name="unsuccessfulActionResultShouldBeAddedAsErrorToRecord" time="5" />
  <testcase classname="TriggerActionFlow_Test" name="validateTypeShouldThrowExceptionWithInvalidInput" time="4" />
  <testcase classname="TriggerBase_Test" name="afterDeleteShouldSucceed" time="68" />
  <testcase classname="TriggerBase_Test" name="afterInsertShouldSucceed" time="13" />
  <testcase classname="TriggerBase_Test" name="afterUndeleteShouldSucceed" time="7" />
  <testcase classname="TriggerBase_Test" name="afterUpdateShouldSucceed" time="6" />
  <testcase classname="TriggerBase_Test" name="beforeDeleteShouldSucceed" time="6" />
  <testcase classname="TriggerBase_Test" name="beforeInsertShouldSucceed" time="6" />
  <testcase classname="TriggerBase_Test" name="beforeUpdateShouldSucceed" time="6" />
  <testcase classname="TriggerBase_Test" name="bypassShouldSucceed" time="6" />
  <testcase classname="TriggerBase_Test" name="clearAllBypassesShouldSucceed" time="9" />
  <testcase classname="TriggerBase_Test" name="clearBypassShouldSucceed" time="6" />
  <testcase classname="TriggerBase_Test" name="finalizingWithoutWaitingShouldThrowError" time="6" />
  <testcase classname="TriggerBase_Test" name="idToNumberOfTimesSeenAfterUpdate" time="7" />
  <testcase classname="TriggerBase_Test" name="idToNumberOfTimesSeenBeforeUpdate" time="7" />
  <testcase classname="TriggerBase_Test" name="inverseContextsShouldFinalizeDmlOperationDelete" time="7" />
  <testcase classname="TriggerBase_Test" name="inverseContextsShouldFinalizeDmlOperationInsert" time="6" />
  <testcase classname="TriggerBase_Test" name="inverseContextsShouldFinalizeDmlOperationUndelete" time="6" />
  <testcase classname="TriggerBase_Test" name="inverseContextsShouldFinalizeDmlOperationUpdate" time="6" />
  <testcase classname="TriggerBase_Test" name="isBypassedShouldSucceed" time="6" />
  <testcase classname="TriggerBase_Test" name="offsetRowsShouldWork" time="6" />
  <testcase classname="TriggerBase_Test" name="oldAndNewShouldComeFromTrigger" time="6" />
  <testcase classname="TriggerBase_Test" name="peekShouldShowMostRecentlyAdded" time="6" />
  <testcase classname="TriggerBase_Test" name="peekingStackWhileEmptyShouldThrowException" time="5" />
  <testcase classname="TriggerBase_Test" name="poppingStackWhileEmptyShouldThrowException" time="6" />
  <testcase classname="TriggerBase_Test" name="runShouldDoNothingWhenBypassed" time="6" />
  <testcase classname="TriggerBase_Test" name="runShouldFailWhenCalledOutsideTrigger" time="6" />
  <testcase classname="TriggerBase_Test" name="sObjectNameShouldBePopulatedFromTriggerNew" time="6" />
  <testcase classname="TriggerBase_Test" name="sObjectNameShouldBePopulatedFromTriggerOld" time="5" />
  <testcase classname="TriggerBase_Test" name="stackDepthShouldBeCalculatedProperly" time="6" />
  <testcase classname="TriggerBase_Test" name="stackShouldBeFirstInLastOut" time="5" />
  <testcase classname="TriggerBase_Test" name="stackShouldBeLastInFirstOut" time="6" />
  <testcase classname="TriggerBase_Test" name="stacksShouldBeAbleToDetermineIftheyAreEmpty" time="6" />
  <testcase classname="TriggerBase_Test" name="waitingThenFinalizingShouldWork" time="5" />
  <testcase classname="TriggerRecord_Test" name="shouldBeAbleToConstructATriggerRecord" time="40" />
  <testcase classname="Triggers_Test" name="testContentDocumentLinkTrigger" time="3668" />
  <testcase classname="Triggers_Test" name="testContractAndFormTrigger" time="847" />
  <testcase classname="Triggers_Test" name="testTransactionTrigger" time="367" />
  <testcase classname="Triggers_Test" name="testTransactionTriggerRecord" time="25" />
  <testcase classname="Util_Test" name="testGetNamespace" time="33" />
  <testcase classname="Util_Test" name="testIsOrgEmailEnabled" time="16" />
  <testcase classname="Util_Test" name="testPrefixNamespace" time="7" />
</testsuite>